⚠ DIRECT_URL no seteado — usando DATABASE_URL pooled.
  Para reducir `terminated`, agregá DIRECT_URL al .env.local (connection string Neon SIN `-pooler`).
⏳ Esperando dev server en http://localhost:3000...
✓ Dev server respondiendo (0s)
✓ Bot encontrado: Aki (id cmphgpbpy00059fb0wa8gi9vo) — activo, plan=BUSINESS (quota=5000)

🚦 Ejecutando SMOKE (4) de regresión...

Prefijo purgeable: regression-test-*
Run tag: 2026-05-23T21-19-30-029Z

▶  [price-0km] Consulta de precio de 0KM
   ✓ Turn 1 (6376ms) — 278 chars, 0 tools
   ✓ Turn 2 (4507ms) — 280 chars, 0 tools

▶  [off-topic] Off-topic (no relacionado a la concesionaria)
   ✓ Turn 1 (3729ms) — 53 chars, 0 tools

▶  [lead-capture-both-channels] Lead con email Y teléfono (ambos canales)
   ✓ Turn 1 (3257ms) — 123 chars, 0 tools
   ✓ Turn 2 (4902ms) — 0 chars, 2 tools

▶  [whatsapp-handoff-purchase-signal] Handoff por señal clara de compra (B3.6)
   ✓ Turn 1 (5027ms) — 0 chars, 1 tools

─────────────────────────────────────────────
  Smoke guardado en:
    C:\Users\franc\Desktop\PorfolioDevelOP\logic-core-v3\docs\regression\smoke-2026-05-23T21-19-30-029Z.md
  Wall clock: 44.3s
─────────────────────────────────────────────

✓ Todos los casos completaron sin error técnico.
